// Jest Snapshot v1, https://goo.gl/fbAQLP

exports[`nodes-hierarchy / Divider should be kept after normalization 1`] = `
[
  {
    "children": [
      {
        "text": "",
      },
    ],
    "type": "divider",
  },
]
`;
