// Jest Snapshot v1, https://goo.gl/fbAQLP

exports[`nodes-hierarchy / Editor should insert paragraph in empty editor 1`] = `
[
  {
    "children": [
      {
        "text": "",
      },
    ],
    "type": "paragraph",
  },
]
`;
