// Jest Snapshot v1, https://goo.gl/fbAQLP

exports[`nodes-hierarchy / Heading should be kept after normalization 1`] = `
[
  {
    "align": "left",
    "children": [
      {
        "text": "First",
      },
    ],
    "role": undefined,
    "type": "heading-one",
  },
  {
    "align": undefined,
    "children": [
      {
        "text": "Second",
      },
    ],
    "role": undefined,
    "type": "heading-two",
  },
]
`;
