// Jest Snapshot v1, https://goo.gl/fbAQLP

exports[`nodes-hierarchy / Html should be kept after normalization 1`] = `
[
  {
    "children": [
      {
        "text": "",
      },
    ],
    "content": "<div>hello</div>",
    "type": "html",
  },
]
`;
