// Jest Snapshot v1, https://goo.gl/fbAQLP

exports[`nodes-hierarchy / Lists should be kept after normalization 1`] = `
[
  {
    "align": "left",
    "children": [
      {
        "children": [
          {
            "children": [
              {
                "text": "First",
              },
            ],
            "type": "list-item-text",
          },
        ],
        "type": "list-item",
      },
      {
        "children": [
          {
            "children": [
              {
                "text": "Second",
              },
            ],
            "type": "list-item-text",
          },
        ],
        "type": "list-item",
      },
      {
        "children": [
          {
            "children": [
              {
                "text": "Third",
              },
            ],
            "type": "list-item-text",
          },
        ],
        "type": "list-item",
      },
    ],
    "type": "numbered-list",
  },
  {
    "align": "left",
    "children": [
      {
        "children": [
          {
            "children": [
              {
                "text": "First",
              },
            ],
            "type": "list-item-text",
          },
        ],
        "type": "list-item",
      },
      {
        "children": [
          {
            "children": [
              {
                "text": "Second",
              },
            ],
            "type": "list-item-text",
          },
        ],
        "type": "list-item",
      },
      {
        "children": [
          {
            "children": [
              {
                "text": "Third",
              },
            ],
            "type": "list-item-text",
          },
        ],
        "type": "list-item",
      },
    ],
    "type": "bulleted-list",
  },
]
`;
