// Jest Snapshot v1, https://goo.gl/fbAQLP

exports[`nodes-hierarchy / Quote should be kept after normalization 1`] = `
[
  {
    "align": "left",
    "children": [
      {
        "text": "Left",
      },
    ],
    "type": "block-quote",
  },
  {
    "align": "center",
    "children": [
      {
        "text": "Center",
      },
    ],
    "type": "block-quote",
  },
  {
    "align": "right",
    "children": [
      {
        "text": "Right",
      },
    ],
    "type": "block-quote",
  },
]
`;
