// Jest Snapshot v1, https://goo.gl/fbAQLP

exports[`nodes-hierarchy / Tables should be kept after normalization 1`] = `
[
  {
    "border": true,
    "children": [
      {
        "children": [
          {
            "children": [
              {
                "children": [
                  {
                    "text": "1",
                  },
                ],
                "type": "paragraph",
              },
            ],
            "type": "table-cell",
          },
          {
            "children": [
              {
                "children": [
                  {
                    "text": "2",
                  },
                ],
                "type": "paragraph",
              },
            ],
            "type": "table-cell",
          },
          {
            "children": [
              {
                "children": [
                  {
                    "text": "3",
                  },
                ],
                "type": "paragraph",
              },
            ],
            "type": "table-cell",
          },
        ],
        "type": "table-row",
      },
      {
        "children": [
          {
            "children": [
              {
                "children": [
                  {
                    "text": "4",
                  },
                ],
                "type": "paragraph",
              },
            ],
            "type": "table-cell",
          },
          {
            "children": [
              {
                "children": [
                  {
                    "text": "5",
                  },
                ],
                "type": "paragraph",
              },
            ],
            "type": "table-cell",
          },
          {
            "children": [
              {
                "children": [
                  {
                    "text": "6",
                  },
                ],
                "type": "paragraph",
              },
            ],
            "type": "table-cell",
          },
        ],
        "type": "table-row",
      },
      {
        "children": [
          {
            "children": [
              {
                "children": [
                  {
                    "text": "7",
                  },
                ],
                "type": "paragraph",
              },
            ],
            "type": "table-cell",
          },
          {
            "children": [
              {
                "children": [
                  {
                    "text": "8",
                  },
                ],
                "type": "paragraph",
              },
            ],
            "type": "table-cell",
          },
          {
            "children": [
              {
                "align": "center",
                "children": [
                  {
                    "text": "9",
                  },
                ],
                "type": "paragraph",
              },
            ],
            "type": "table-cell",
          },
        ],
        "type": "table-row",
      },
    ],
    "header": [
      "first_row",
    ],
    "type": "table",
  },
]
`;
