[
    {
        "type": "paragraph",
        "children": [
            {
                "text": "Title"
            }
        ]
    },
    {
        "type": "paragraph",
        "children": [
            {
                "text": "Subtitle"
            }
        ]
    },
    {
        "type": "heading-one",
        "children": [
            {
                "text": "Heading 1"
            }
        ]
    },
    {
        "type": "heading-two",
        "children": [
            {
                "text": "Heading 2"
            }
        ]
    },
    {
        "type": "heading-two",
        "children": [
            {
                "text": "Heading 3"
            }
        ]
    },
    {
        "type": "heading-two",
        "children": [
            {
                "text": "Heading 4"
            }
        ]
    },
    {
        "type": "heading-two",
        "children": [
            {
                "text": "Heading 5"
            }
        ]
    },
    {
        "type": "heading-two",
        "children": [
            {
                "text": "Heading 6"
            }
        ]
    },
    {
        "type": "paragraph",
        "children": [
            {
                "text": "Heading 7"
            }
        ]
    },
    {
        "type": "paragraph",
        "children": [
            {
                "text": "Heading 8"
            }
        ]
    },
    {
        "type": "paragraph",
        "children": [
            {
                "text": "Heading 9"
            }
        ]
    },
    {
        "type": "paragraph",
        "children": [
            {
                "text": "Bold",
                "bold": true
            },
            {
                "text": " Normal text "
            },
            {
                "text": "Italics ",
                "italic": true
            },
            {
                "text": "Underline ",
                "underlined": true
            },
            {
                "text": "Bold italics underline",
                "italic": true,
                "bold": true,
                "underlined": true
            },
            {
                "text": " superscript"
            },
            {
                "text": "2 ",
                "superscript": true
            },
            {
                "text": "subscript"
            },
            {
                "text": "2 ",
                "subscript": true
            },
            {
                "text": "normal text, "
            },
            {
                "href": "https://prezly.com/",
                "type": "link",
                "children": [
                    {
                        "text": "prezly.com"
                    }
                ]
            },
            {
                "text": ","
            }
        ]
    },
    {
        "type": "placeholder:image",
        "children": [
            {
                "text": ""
            }
        ]
    },
    {
        "type": "paragraph",
        "children": [
            {
                "text": "Lorem ipsum dolor sit amet, consectetur adipiscing elit, sed do eiusmod tempor incididunt ut labore et dolore magna aliqua. Feugiat pretium nibh ipsum consequat nisl vel pretium. Viverra mauris in aliquam sem fringilla ut morbi tincidunt augue. Proin libero nunc consequat interdum varius sit amet mattis vulputate. Et netus et malesuada fames ac turpis. Odio facilisis mauris sit amet massa. At risus viverra adipiscing at in. Amet luctus venenatis lectus magna. Sagittis aliquam malesuada bibendum arcu vitae elementum curabitur vitae nunc. Massa placerat duis ultricies lacus sed turpis. Blandit massa enim nec dui nunc mattis enim ut tellus."
            }
        ]
    },
    {
        "type": "placeholder:image",
        "children": [
            {
                "text": ""
            }
        ]
    },
    {
        "type": "paragraph",
        "children": [
            {
                "text": "      "
            }
        ]
    },
    {
        "type": "bulleted-list",
        "children": [
            {
                "type": "list-item",
                "children": [
                    {
                        "children": [
                            {
                                "text": "Nested List A"
                            }
                        ],
                        "type": "list-item-text"
                    },
                    {
                        "type": "bulleted-list",
                        "children": [
                            {
                                "type": "list-item",
                                "children": [
                                    {
                                        "children": [
                                            {
                                                "text": "Nested Lists A1"
                                            }
                                        ],
                                        "type": "list-item-text"
                                    },
                                    {
                                        "type": "numbered-list",
                                        "children": [
                                            {
                                                "type": "list-item",
                                                "children": [
                                                    {
                                                        "children": [
                                                            {
                                                                "text": "Nested Lists A1a"
                                                            }
                                                        ],
                                                        "type": "list-item-text"
                                                    }
                                                ]
                                            },
                                            {
                                                "type": "list-item",
                                                "children": [
                                                    {
                                                        "children": [
                                                            {
                                                                "text": "Nested Lists A1b"
                                                            }
                                                        ],
                                                        "type": "list-item-text"
                                                    }
                                                ]
                                            }
                                        ]
                                    }
                                ]
                            },
                            {
                                "type": "list-item",
                                "children": [
                                    {
                                        "children": [
                                            {
                                                "text": "Nested Lists A2"
                                            }
                                        ],
                                        "type": "list-item-text"
                                    },
                                    {
                                        "type": "bulleted-list",
                                        "children": [
                                            {
                                                "type": "list-item",
                                                "children": [
                                                    {
                                                        "children": [
                                                            {
                                                                "text": "Nested Lists A2a"
                                                            }
                                                        ],
                                                        "type": "list-item-text"
                                                    }
                                                ]
                                            },
                                            {
                                                "type": "list-item",
                                                "children": [
                                                    {
                                                        "children": [
                                                            {
                                                                "text": "Nested Lists A2b"
                                                            }
                                                        ],
                                                        "type": "list-item-text"
                                                    }
                                                ]
                                            }
                                        ]
                                    }
                                ]
                            },
                            {
                                "type": "list-item",
                                "children": [
                                    {
                                        "children": [
                                            {
                                                "text": "Nested Lists A3"
                                            }
                                        ],
                                        "type": "list-item-text"
                                    }
                                ]
                            }
                        ]
                    }
                ]
            },
            {
                "type": "list-item",
                "children": [
                    {
                        "children": [
                            {
                                "text": "Nested Lists B"
                            }
                        ],
                        "type": "list-item-text"
                    },
                    {
                        "type": "bulleted-list",
                        "children": [
                            {
                                "type": "list-item",
                                "children": [
                                    {
                                        "children": [
                                            {
                                                "text": "Nested  Lists B1"
                                            }
                                        ],
                                        "type": "list-item-text"
                                    },
                                    {
                                        "type": "bulleted-list",
                                        "children": [
                                            {
                                                "type": "list-item",
                                                "children": [
                                                    {
                                                        "children": [
                                                            {
                                                                "text": "Nested Lists B1a"
                                                            }
                                                        ],
                                                        "type": "list-item-text"
                                                    }
                                                ]
                                            },
                                            {
                                                "type": "list-item",
                                                "children": [
                                                    {
                                                        "children": [
                                                            {
                                                                "text": "Nested Lists B1b"
                                                            }
                                                        ],
                                                        "type": "list-item-text"
                                                    }
                                                ]
                                            }
                                        ]
                                    }
                                ]
                            },
                            {
                                "type": "list-item",
                                "children": [
                                    {
                                        "children": [
                                            {
                                                "text": "Nested Lists B2"
                                            }
                                        ],
                                        "type": "list-item-text"
                                    }
                                ]
                            }
                        ]
                    }
                ]
            },
            {
                "type": "list-item",
                "children": [
                    {
                        "children": [
                            {
                                "text": "Nested Lists C"
                            }
                        ],
                        "type": "list-item-text"
                    }
                ]
            }
        ]
    },
    {
        "type": "block-quote",
        "children": [
            {
                "text": "This is a quote"
            }
        ]
    },
    {
        "type": "paragraph",
        "children": [
            {
                "text": "More text",
                "italic": true
            }
        ]
    },
    {
        "type": "paragraph",
        "children": [
            {
                "text": ""
            }
        ]
    }
]
