[
    {
        "type": "paragraph",
        "children": [
            {
                "text": "Hello"
            }
        ]
    },
    {
        "type": "paragraph",
        "children": [
            {
                "text": ""
            }
        ]
    }
]
