[
    {
        "type": "paragraph",
        "children": [
            {
                "text": "¿Sabían que en 30 años se duplicará la población con más de 65 años en América Latina?"
            }
        ]
    },
    {
        "type": "paragraph",
        "children": [
            {
                "text": "En este contexto, los invitamos a sumarse a la presentación del Reporte de Desarrollo y Economía de CAF - Banco de desarrollo de América Latina, donde expertos en materia fiscal hablarán sobre el envejecimiento, la informalidad y los cambios tecnológicos como desafíos para mejorar la cobertura, calidad y sostenibilidad de la protección social en América Latina."
            }
        ]
    },
    {
        "type": "paragraph",
        "children": [
            {
                "text": "¡Comienza en breve!"
            }
        ]
    },
    {
        "type": "paragraph",
        "children": [
            {
                "text": ""
            },
            {
                "href": "https://www.youtube.com/watch?v=Y2Hez3QWc_I&feature=youtu.be",
                "type": "link",
                "children": [
                    {
                        "text": "https://www.youtube.com/watch?v=Y2Hez3QWc_I&feature=youtu.be"
                    }
                ]
            },
            {
                "text": ""
            }
        ]
    },
    {
        "type": "paragraph",
        "children": [
            {
                "text": ""
            }
        ]
    }
]
